############################################################
#                                                          #
#                       GENIE (v1.2.1)                     #
#                                                          #
############################################################

Seed = 1365985320
Number of individuals after filtering: 200
Number of covariates: 3
Number of environments: 1
**************************************************
Number of SNPs in bin 0 = 2306
Number of SNPs in bin 1 = 2306
**************************************************
Number of G variance components = 1
Number of GxE variance components = 1
Number of NxE variance components = 0
**************************************************
OUTPUT: 
Variance components: 
Sigma^2_g[0] : -0.0698882  SE : 0.066609
Sigma^2_gxe[0] : 0.0772585  SE : 0.0232744
Sigma^2_e : 1.00601  SE : 0.0678917
**************************************************
Heritabilities: 
h2_g[0] : -0.0693393 SE : 0.0660637
h2_gxe[0] : 0.0734412 SE : 0.0226069
Total h2 : 0.00410188 SE: 0.0672094
Total h2_g : -0.0693393 SE: 0.0660637
Total h2_gxe : 0.0734412 SE: 0.0226069
**************************************************
Enrichments:
G enrichment
Enrichment g[0] : 1 SE : 0
**************************************************
**************************************************
Heritabilities and enrichments computed (overlapping def)
Heritabilities: 
h2_g[0] : -0.0693393 SE : 0.0660637
**************************************************
Enrichments (overlapping def): 
Enrichment g[0] : 1 SE : 5.9277e-14
