############################################################
#                                                          #
#                       GENIE (v1.2.1)                     #
#                                                          #
############################################################

Seed = -845125358
Number of individuals after filtering: 500
Number of covariates: 3
Number of environments: 1
**************************************************
Number of SNPs in bin 0 = 6006
Number of SNPs in bin 1 = 6006
**************************************************
Number of G variance components = 1
Number of GxE variance components = 1
Number of NxE variance components = 0
**************************************************
OUTPUT: 
Variance components: 
Sigma^2_g[0] : 0.0014654  SE : 0.0510381
Sigma^2_gxe[0] : 0.11634  SE : 0.0142754
Sigma^2_e : 0.871666  SE : 0.0520777
**************************************************
Heritabilities: 
h2_g[0] : 0.00145788 SE : 0.0507791
h2_gxe[0] : 0.13037 SE : 0.0162905
Total h2 : 0.131828 SE: 0.051869
Total h2_g : 0.00145788 SE: 0.0507791
Total h2_gxe : 0.13037 SE: 0.0162905
**************************************************
Enrichments:
G enrichment
Enrichment g[0] : 1 SE : 0
**************************************************
**************************************************
Heritabilities and enrichments computed (overlapping def)
Heritabilities: 
h2_g[0] : 0.00145788 SE : 0.0507791
**************************************************
Enrichments (overlapping def): 
Enrichment g[0] : 1 SE : 2.9359e-13
