############################################################
#                                                          #
#                       GENIE (v1.2.1)                     #
#                                                          #
############################################################

Seed = 1380824563
Number of individuals after filtering: 500
Number of covariates: 3
Number of environments: 1
**************************************************
Number of SNPs in bin 0 = 6006
Number of SNPs in bin 1 = 6006
**************************************************
Number of G variance components = 1
Number of GxE variance components = 1
Number of NxE variance components = 0
**************************************************
OUTPUT: 
Variance components: 
Sigma^2_g[0] : -0.00875096  SE : 0.0595309
Sigma^2_gxe[0] : 0.158436  SE : 0.0227749
Sigma^2_e : 0.848569  SE : 0.0627522
**************************************************
Heritabilities: 
h2_g[0] : -0.00872553 SE : 0.0593552
h2_gxe[0] : 0.163558 SE : 0.0226899
Total h2 : 0.154832 SE: 0.0625007
Total h2_g : -0.00872553 SE: 0.0593552
Total h2_gxe : 0.163558 SE: 0.0226899
**************************************************
Enrichments:
G enrichment
Enrichment g[0] : 1 SE : 0
**************************************************
**************************************************
Heritabilities and enrichments computed (overlapping def)
Heritabilities: 
h2_g[0] : -0.00872553 SE : 0.0593552
**************************************************
Enrichments (overlapping def): 
Enrichment g[0] : 1 SE : 2.01615e-13
