############################################################
#                                                          #
#                       GENIE (v1.2.1)                     #
#                                                          #
############################################################

Seed = -961768939
Number of individuals after filtering: 500
Number of covariates: 3
Number of environments: 1
**************************************************
Number of SNPs in bin 0 = 6006
Number of SNPs in bin 1 = 6006
**************************************************
Number of G variance components = 1
Number of GxE variance components = 1
Number of NxE variance components = 0
**************************************************
OUTPUT: 
Variance components: 
Sigma^2_g[0] : 0.00149369  SE : 0.053232
Sigma^2_gxe[0] : 0.128524  SE : 0.0181083
Sigma^2_e : 0.859678  SE : 0.0566247
**************************************************
Heritabilities: 
h2_g[0] : 0.00148692 SE : 0.052992
h2_gxe[0] : 0.142281 SE : 0.0202836
Total h2 : 0.143768 SE: 0.0563978
Total h2_g : 0.00148692 SE: 0.052992
Total h2_gxe : 0.142281 SE: 0.0202836
**************************************************
Enrichments:
G enrichment
Enrichment g[0] : 1 SE : 0
**************************************************
**************************************************
Heritabilities and enrichments computed (overlapping def)
Heritabilities: 
h2_g[0] : 0.00148692 SE : 0.052992
**************************************************
Enrichments (overlapping def): 
Enrichment g[0] : 1 SE : 2.0263e-13
