############################################################
#                                                          #
#                       GENIE (v1.2.1)                     #
#                                                          #
############################################################

Seed = -280399434
Number of individuals after filtering: 500
Number of covariates: 3
Number of environments: 1
**************************************************
Number of SNPs in bin 0 = 6006
Number of SNPs in bin 1 = 6006
**************************************************
Number of G variance components = 1
Number of GxE variance components = 1
Number of NxE variance components = 0
**************************************************
OUTPUT: 
Variance components: 
Sigma^2_g[0] : -0.0121979  SE : 0.0579208
Sigma^2_gxe[0] : 0.160176  SE : 0.021033
Sigma^2_e : 0.845222  SE : 0.0652702
**************************************************
Heritabilities: 
h2_g[0] : -0.0121527 SE : 0.0577001
h2_gxe[0] : 0.170319 SE : 0.0220158
Total h2 : 0.158166 SE: 0.0650086
Total h2_g : -0.0121527 SE: 0.0577001
Total h2_gxe : 0.170319 SE: 0.0220158
**************************************************
Enrichments:
G enrichment
Enrichment g[0] : 1 SE : 0
**************************************************
**************************************************
Heritabilities and enrichments computed (overlapping def)
Heritabilities: 
h2_g[0] : -0.0121527 SE : 0.0577001
**************************************************
Enrichments (overlapping def): 
Enrichment g[0] : 1 SE : 2.40598e-13
