############################################################
#                                                          #
#                       GENIE (v1.2.1)                     #
#                                                          #
############################################################

Seed = 575715762
Number of individuals after filtering: 500
Number of covariates: 3
Number of environments: 1
**************************************************
Number of SNPs in bin 0 = 6006
Number of SNPs in bin 1 = 6006
**************************************************
Number of G variance components = 1
Number of GxE variance components = 1
Number of NxE variance components = 0
**************************************************
OUTPUT: 
Variance components: 
Sigma^2_g[0] : -0.000152901  SE : 0.0499295
Sigma^2_gxe[0] : 0.126526  SE : 0.0249355
Sigma^2_e : 0.864189  SE : 0.0502306
**************************************************
Heritabilities: 
h2_g[0] : -0.00015223 SE : 0.0497106
h2_gxe[0] : 0.139427 SE : 0.0260225
Total h2 : 0.139275 SE: 0.0500293
Total h2_g : -0.00015223 SE: 0.0497106
Total h2_gxe : 0.139427 SE: 0.0260225
**************************************************
Enrichments:
G enrichment
Enrichment g[0] : 1 SE : 0
**************************************************
**************************************************
Heritabilities and enrichments computed (overlapping def)
Heritabilities: 
h2_g[0] : -0.00015223 SE : 0.0497106
**************************************************
Enrichments (overlapping def): 
Enrichment g[0] : 1 SE : 2.40623e-13
