############################################################
#                                                          #
#                       GENIE (v1.2.1)                     #
#                                                          #
############################################################

Seed = -1743620604
Number of individuals after filtering: 500
Number of covariates: 3
Number of environments: 1
**************************************************
Number of SNPs in bin 0 = 6006
Number of SNPs in bin 1 = 6006
**************************************************
Number of G variance components = 1
Number of GxE variance components = 1
Number of NxE variance components = 0
**************************************************
OUTPUT: 
Variance components: 
Sigma^2_g[0] : 0.00108925  SE : 0.0643822
Sigma^2_gxe[0] : 0.130156  SE : 0.0162262
Sigma^2_e : 0.861072  SE : 0.0673492
**************************************************
Heritabilities: 
h2_g[0] : 0.00108702 SE : 0.0642455
h2_gxe[0] : 0.141292 SE : 0.0176785
Total h2 : 0.142379 SE: 0.0670793
Total h2_g : 0.00108702 SE: 0.0642455
Total h2_gxe : 0.141292 SE: 0.0176785
**************************************************
Enrichments:
G enrichment
Enrichment g[0] : 1 SE : 0
**************************************************
**************************************************
Heritabilities and enrichments computed (overlapping def)
Heritabilities: 
h2_g[0] : 0.00108702 SE : 0.0642455
**************************************************
Enrichments (overlapping def): 
Enrichment g[0] : 1 SE : 2.03352e-13
