############################################################
#                                                          #
#                       GENIE (v1.2.1)                     #
#                                                          #
############################################################

Seed = -616037614
Number of individuals after filtering: 5000
Number of covariates: 3
Number of environments: 1
**************************************************
Number of SNPs in bin 0 = 294565
Number of SNPs in bin 1 = 294565
**************************************************
Number of G variance components = 1
Number of GxE variance components = 1
Number of NxE variance components = 0
**************************************************
OUTPUT: 
Variance components: 
Sigma^2_g[0] : -0.115489  SE : 0.0440631
Sigma^2_gxe[0] : 0.104843  SE : 0.00349005
Sigma^2_e : 1.01286  SE : 0.0436184
**************************************************
Heritabilities: 
h2_g[0] : -0.115454 SE : 0.0440489
h2_gxe[0] : 0.102998 SE : 0.00339681
Total h2 : -0.0124558 SE: 0.0436009
Total h2_g : -0.115454 SE: 0.0440489
Total h2_gxe : 0.102998 SE: 0.00339681
**************************************************
Enrichments:
G enrichment
Enrichment g[0] : 1 SE : 0
**************************************************
**************************************************
Heritabilities and enrichments computed (overlapping def)
Heritabilities: 
h2_g[0] : -0.115454 SE : 0.0440489
**************************************************
Enrichments (overlapping def): 
Enrichment g[0] : 1 SE : 1.00862e-11
