############################################################
#                                                          #
#                       GENIE (v1.2.1)                     #
#                                                          #
############################################################

Seed = 188535510
Number of individuals after filtering: 5000
Number of covariates: 3
Number of environments: 1
**************************************************
Number of SNPs in bin 0 = 294565
Number of SNPs in bin 1 = 294565
**************************************************
Number of G variance components = 1
Number of GxE variance components = 1
Number of NxE variance components = 0
**************************************************
OUTPUT: 
Variance components: 
Sigma^2_g[0] : -0.110185  SE : 0.0418774
Sigma^2_gxe[0] : 0.103548  SE : 0.00365426
Sigma^2_e : 1.00863  SE : 0.0411317
**************************************************
Heritabilities: 
h2_g[0] : -0.110144 SE : 0.0418602
h2_gxe[0] : 0.101917 SE : 0.00352445
Total h2 : -0.00822691 SE: 0.0411152
Total h2_g : -0.110144 SE: 0.0418602
Total h2_gxe : 0.101917 SE: 0.00352445
**************************************************
Enrichments:
G enrichment
Enrichment g[0] : 1 SE : 0
**************************************************
**************************************************
Heritabilities and enrichments computed (overlapping def)
Heritabilities: 
h2_g[0] : -0.110144 SE : 0.0418602
**************************************************
Enrichments (overlapping def): 
Enrichment g[0] : 1 SE : 1.03845e-11
