############################################################
#                                                          #
#                       GENIE (v1.2.1)                     #
#                                                          #
############################################################

Seed = 156746676
Number of individuals after filtering: 5000
Number of covariates: 3
Number of environments: 1
**************************************************
Number of SNPs in bin 0 = 294565
Number of SNPs in bin 1 = 294565
**************************************************
Number of G variance components = 1
Number of GxE variance components = 1
Number of NxE variance components = 0
**************************************************
OUTPUT: 
Variance components: 
Sigma^2_g[0] : -0.120742  SE : 0.0432882
Sigma^2_gxe[0] : 0.102531  SE : 0.00409367
Sigma^2_e : 1.02044  SE : 0.0430426
**************************************************
Heritabilities: 
h2_g[0] : -0.120719 SE : 0.0432795
h2_gxe[0] : 0.10069 SE : 0.00386904
Total h2 : -0.0200297 SE: 0.0430254
Total h2_g : -0.120719 SE: 0.0432795
Total h2_gxe : 0.10069 SE: 0.00386904
**************************************************
Enrichments:
G enrichment
Enrichment g[0] : 1 SE : 0
**************************************************
**************************************************
Heritabilities and enrichments computed (overlapping def)
Heritabilities: 
h2_g[0] : -0.120719 SE : 0.0432795
**************************************************
Enrichments (overlapping def): 
Enrichment g[0] : 1 SE : 1.23828e-11
