############################################################
#                                                          #
#                       GENIE (v1.2.1)                     #
#                                                          #
############################################################

Seed = -2144771244
Number of individuals after filtering: 5000
Number of covariates: 3
Number of environments: 1
**************************************************
Number of SNPs in bin 0 = 294565
Number of SNPs in bin 1 = 294565
**************************************************
Number of G variance components = 1
Number of GxE variance components = 1
Number of NxE variance components = 0
**************************************************
OUTPUT: 
Variance components: 
Sigma^2_g[0] : -0.115446  SE : 0.040433
Sigma^2_gxe[0] : 0.114131  SE : 0.00337223
Sigma^2_e : 1.00493  SE : 0.0396583
**************************************************
Heritabilities: 
h2_g[0] : -0.115419 SE : 0.0404228
h2_gxe[0] : 0.110891 SE : 0.00329274
Total h2 : -0.00452837 SE: 0.0396424
Total h2_g : -0.115419 SE: 0.0404228
Total h2_gxe : 0.110891 SE: 0.00329274
**************************************************
Enrichments:
G enrichment
Enrichment g[0] : 1 SE : 0
**************************************************
**************************************************
Heritabilities and enrichments computed (overlapping def)
Heritabilities: 
h2_g[0] : -0.115419 SE : 0.0404228
**************************************************
Enrichments (overlapping def): 
Enrichment g[0] : 1 SE : 1.10991e-11
